ASxxxx Linker V03.00 + NoICE + sdld,  page 1.
Hexadecimal  [32-Bits]

Area                                    Addr        Size        Decimal Bytes (Attributes)
--------------------------------        ----        ----        ------- ----- ------------
CABS                                00000000    00000000 =           0. bytes (ABS,CON,CODE)

      Value  Global                              Global Defined In Module
      -----  --------------------------------   ------------------------
C:   00000000  l_BIT_BANK                      
C:   00000000  l_BSEG                          
C:   00000000  l_BSEG_BYTES                    
C:   00000000  l_CABS                          
C:   00000000  l_GSINIT                        
C:   00000000  l_GSINIT1                       
C:   00000000  l_GSINIT5                       
C:   00000000  l_IABS                          
C:   00000000  l_PSEG                          
C:   00000000  l_REG_BANK_1                    
C:   00000000  l_REG_BANK_2                    
C:   00000000  l_REG_BANK_3                    
C:   00000000  l_RSEG                          
C:   00000000  l_RSEG0                         
C:   00000000  l_RSEG1                         
C:   00000000  l_XABS                          
C:   00000000  l_XINIT                         
C:   00000000  l_XISEG                         
C:   00000000  l_XSEG                          
C:   00000000  l__CODE                         
C:   00000000  s_BSEG                          
C:   00000000  s_CABS                          
C:   00000000  s_DSEG                          
C:   00000000  s_HOME                          
C:   00000000  s_IABS                          
C:   00000000  s_REG_BANK_0                    
C:   00000000  s_RSEG                          
C:   00000000  s_RSEG0                         
C:   00000000  s_RSEG1                         
C:   00000000  s_XABS                          
C:   00000001  s_PSEG                          
C:   00000001  s_XISEG                         
C:   00000001  s_XSEG                          
C:   00000003  l_GSFINAL                       
C:   00000003  l_GSINIT0                       
C:   00000003  l_OSEG                          
C:   00000006  l_HOME                          
C:   00000006  l_ISEG                          
C:   00000006  s_GSINIT0                       
C:   00000008  l_REG_BANK_0                    
C:   00000008  s_REG_BANK_1                    
C:   00000009  s_GSINIT1                       
C:   00000009  s_GSINIT2                       
C:   0000000A  l_GSINIT2                       
C:   00000010  s_REG_BANK_2                    
C:   00000013  s_GSINIT3                       
C:   00000016  l_CONST                         
C:   00000018  s_BIT_BANK                      
C:   00000018  s_REG_BANK_3                    
C:   00000020  s_BSEG_BYTES                    
ASxxxx Linker V03.00 + NoICE + sdld,  page 2.
Hexadecimal  [32-Bits]

Area                                    Addr        Size        Decimal Bytes (Attributes)
--------------------------------        ----        ----        ------- ----- ------------
CABS                                00000000    00000000 =           0. bytes (ABS,CON,CODE)

      Value  Global                              Global Defined In Module
      -----  --------------------------------   ------------------------
C:   00000020  s__CODE                         
C:   00000022  l_GSINIT3                       
C:   0000002A  l_GSINIT4                       
C:   00000035  s_GSINIT4                       
C:   0000005F  s_GSFINAL                       
C:   0000005F  s_GSINIT                        
C:   0000005F  s_GSINIT5                       
C:   00000062  s_CSEG                          
C:   00000076  s_OSEG                          
C:   00000079  s_ISEG                          
C:   0000007F  s_SSEG                          
C:   00000080  l_DSEG                          
C:   00000081  l_SSEG                          
C:   00000100  l_IRAM                          
C:   0000124E  l_CSEG                          
C:   000012B0  s_CONST                         
C:   000012C6  s_XINIT                         

ASxxxx Linker V03.00 + NoICE + sdld,  page 3.
Hexadecimal  [32-Bits]

Area                                    Addr        Size        Decimal Bytes (Attributes)
--------------------------------        ----        ----        ------- ----- ------------
.  .ABS.                            00000000    00000000 =           0. bytes (ABS,CON)

      Value  Global                              Global Defined In Module
      -----  --------------------------------   ------------------------
     00000000  .__.ABS.                           _startup
     00000080  G$P0$0_0$0                         main
     00000080  G$P0_0$0_0$0                       main
     00000080  _P0                                main
     00000080  _P0_0                              main
     00000081  G$P0_1$0_0$0                       main
     00000081  G$SP$0_0$0                         main
     00000081  _P0_1                              main
     00000081  _SP                                main
     00000082  G$DPL$0_0$0                        main
     00000082  G$P0_2$0_0$0                       main
     00000082  _DPL                               main
     00000082  _P0_2                              main
     00000083  G$DPH$0_0$0                        main
     00000083  G$P0_3$0_0$0                       main
     00000083  _DPH                               main
     00000083  _P0_3                              main
     00000084  G$P0_4$0_0$0                       main
     00000084  _P0_4                              main
     00000085  G$P0_5$0_0$0                       main
     00000085  _P0_5                              main
     00000086  G$P0_6$0_0$0                       main
     00000086  _P0_6                              main
     00000087  G$P0_7$0_0$0                       main
     00000087  G$PCON$0_0$0                       main
     00000087  _P0_7                              main
     00000087  _PCON                              main
     00000088  G$IT0$0_0$0                        main
     00000088  G$TCON$0_0$0                       main
     00000088  _IT0                               main
     00000088  _TCON                              main
     00000089  G$IE0$0_0$0                        main
     00000089  G$TMOD$0_0$0                       main
     00000089  _IE0                               main
     00000089  _TMOD                              main
     0000008A  G$IT1$0_0$0                        main
     0000008A  G$TL0$0_0$0                        main
     0000008A  _IT1                               main
     0000008A  _TL0                               main
     0000008B  G$IE1$0_0$0                        main
     0000008B  G$TL1$0_0$0                        main
     0000008B  _IE1                               main
     0000008B  _TL1                               main
     0000008C  G$TH0$0_0$0                        main
     0000008C  G$TR0$0_0$0                        main
     0000008C  _TH0                               main
     0000008C  _TR0                               main
     0000008D  G$TF0$0_0$0                        main
     0000008D  G$TH1$0_0$0                        main
     0000008D  _TF0                               main
ASxxxx Linker V03.00 + NoICE + sdld,  page 4.
Hexadecimal  [32-Bits]

Area                                    Addr        Size        Decimal Bytes (Attributes)
--------------------------------        ----        ----        ------- ----- ------------
.  .ABS.                            00000000    00000000 =           0. bytes (ABS,CON)

      Value  Global                              Global Defined In Module
      -----  --------------------------------   ------------------------
     0000008D  _TH1                               main
     0000008E  G$TR1$0_0$0                        main
     0000008E  _TR1                               main
     0000008F  G$TF1$0_0$0                        main
     0000008F  _TF1                               main
     00000090  G$P1$0_0$0                         main
     00000090  G$P1_0$0_0$0                       main
     00000090  _P1                                main
     00000090  _P1_0                              main
     00000091  G$P1_1$0_0$0                       main
     00000091  _P1_1                              main
     00000092  G$P1_2$0_0$0                       main
     00000092  _P1_2                              main
     00000093  G$P1_3$0_0$0                       main
     00000093  _P1_3                              main
     00000094  G$P1_4$0_0$0                       main
     00000094  _P1_4                              main
     00000095  G$P1_5$0_0$0                       main
     00000095  _P1_5                              main
     00000096  G$P1_6$0_0$0                       main
     00000096  _P1_6                              main
     00000097  G$P1_7$0_0$0                       main
     00000097  _P1_7                              main
     00000098  G$RI$0_0$0                         main
     00000098  G$SCON$0_0$0                       main
     00000098  _RI                                main
     00000098  _SCON                              main
     00000099  G$SBUF$0_0$0                       main
     00000099  G$TI$0_0$0                         main
     00000099  _SBUF                              main
     00000099  _TI                                main
     0000009A  G$RB8$0_0$0                        main
     0000009A  _RB8                               main
     0000009B  G$TB8$0_0$0                        main
     0000009B  _TB8                               main
     0000009C  G$REN$0_0$0                        main
     0000009C  _REN                               main
     0000009D  G$SM2$0_0$0                        main
     0000009D  _SM2                               main
     0000009E  G$SM1$0_0$0                        main
     0000009E  _SM1                               main
     0000009F  G$SM0$0_0$0                        main
     0000009F  _SM0                               main
     000000A0  G$P2$0_0$0                         main
     000000A0  G$P2_0$0_0$0                       main
     000000A0  _P2                                main
     000000A0  _P2_0                              main
     000000A0  __XPAGE                            
     000000A1  G$P2_1$0_0$0                       main
     000000A1  _P2_1                              main
     000000A2  G$P2_2$0_0$0                       main
ASxxxx Linker V03.00 + NoICE + sdld,  page 5.
Hexadecimal  [32-Bits]

Area                                    Addr        Size        Decimal Bytes (Attributes)
--------------------------------        ----        ----        ------- ----- ------------
.  .ABS.                            00000000    00000000 =           0. bytes (ABS,CON)

      Value  Global                              Global Defined In Module
      -----  --------------------------------   ------------------------
     000000A2  _P2_2                              main
     000000A3  G$P2_3$0_0$0                       main
     000000A3  _P2_3                              main
     000000A4  G$P2_4$0_0$0                       main
     000000A4  _P2_4                              main
     000000A5  G$P2_5$0_0$0                       main
     000000A5  _P2_5                              main
     000000A6  G$P2_6$0_0$0                       main
     000000A6  _P2_6                              main
     000000A7  G$P2_7$0_0$0                       main
     000000A7  _P2_7                              main
     000000A8  G$EX0$0_0$0                        main
     000000A8  G$IE$0_0$0                         main
     000000A8  _EX0                               main
     000000A8  _IE                                main
     000000A9  G$ET0$0_0$0                        main
     000000A9  _ET0                               main
     000000AA  G$EX1$0_0$0                        main
     000000AA  _EX1                               main
     000000AB  G$ET1$0_0$0                        main
     000000AB  _ET1                               main
     000000AC  G$ES$0_0$0                         main
     000000AC  _ES                                main
     000000AD  G$ET2$0_0$0                        main
     000000AD  _ET2                               main
     000000AF  G$EA$0_0$0                         main
     000000AF  _EA                                main
     000000B0  G$P3$0_0$0                         main
     000000B0  G$P3_0$0_0$0                       main
     000000B0  G$RXD$0_0$0                        main
     000000B0  _P3                                main
     000000B0  _P3_0                              main
     000000B0  _RXD                               main
     000000B1  G$P3_1$0_0$0                       main
     000000B1  G$TXD$0_0$0                        main
     000000B1  _P3_1                              main
     000000B1  _TXD                               main
     000000B2  G$INT0$0_0$0                       main
     000000B2  G$P3_2$0_0$0                       main
     000000B2  _INT0                              main
     000000B2  _P3_2                              main
     000000B3  G$INT1$0_0$0                       main
     000000B3  G$P3_3$0_0$0                       main
     000000B3  _INT1                              main
     000000B3  _P3_3                              main
     000000B4  G$P3_4$0_0$0                       main
     000000B4  G$T0$0_0$0                         main
     000000B4  _P3_4                              main
     000000B4  _T0                                main
     000000B5  G$P3_5$0_0$0                       main
     000000B5  G$T1$0_0$0                         main
ASxxxx Linker V03.00 + NoICE + sdld,  page 6.
Hexadecimal  [32-Bits]

Area                                    Addr        Size        Decimal Bytes (Attributes)
--------------------------------        ----        ----        ------- ----- ------------
.  .ABS.                            00000000    00000000 =           0. bytes (ABS,CON)

      Value  Global                              Global Defined In Module
      -----  --------------------------------   ------------------------
     000000B5  _P3_5                              main
     000000B5  _T1                                main
     000000B6  G$P3_6$0_0$0                       main
     000000B6  G$WR$0_0$0                         main
     000000B6  _P3_6                              main
     000000B6  _WR                                main
     000000B7  G$P3_7$0_0$0                       main
     000000B7  G$RD$0_0$0                         main
     000000B7  _P3_7                              main
     000000B7  _RD                                main
     000000B8  G$IP$0_0$0                         main
     000000B8  G$PX0$0_0$0                        main
     000000B8  _IP                                main
     000000B8  _PX0                               main
     000000B9  G$PT0$0_0$0                        main
     000000B9  _PT0                               main
     000000BA  G$PX1$0_0$0                        main
     000000BA  _PX1                               main
     000000BB  G$PT1$0_0$0                        main
     000000BB  _PT1                               main
     000000BC  G$PS$0_0$0                         main
     000000BC  _PS                                main
     000000BD  G$PT2$0_0$0                        main
     000000BD  _PT2                               main
     000000C8  G$CP_RL2$0_0$0                     main
     000000C8  G$T2CON$0_0$0                      main
     000000C8  G$T2CON_0$0_0$0                    main
     000000C8  _CP_RL2                            main
     000000C8  _T2CON                             main
     000000C8  _T2CON_0                           main
     000000C9  G$C_T2$0_0$0                       main
     000000C9  G$T2CON_1$0_0$0                    main
     000000C9  _C_T2                              main
     000000C9  _T2CON_1                           main
     000000CA  G$RCAP2L$0_0$0                     main
     000000CA  G$T2CON_2$0_0$0                    main
     000000CA  G$TR2$0_0$0                        main
     000000CA  _RCAP2L                            main
     000000CA  _T2CON_2                           main
     000000CA  _TR2                               main
     000000CB  G$EXEN2$0_0$0                      main
     000000CB  G$RCAP2H$0_0$0                     main
     000000CB  G$T2CON_3$0_0$0                    main
     000000CB  _EXEN2                             main
     000000CB  _RCAP2H                            main
     000000CB  _T2CON_3                           main
     000000CC  G$T2CON_4$0_0$0                    main
     000000CC  G$TCLK$0_0$0                       main
     000000CC  G$TL2$0_0$0                        main
     000000CC  _T2CON_4                           main
     000000CC  _TCLK                              main
ASxxxx Linker V03.00 + NoICE + sdld,  page 7.
Hexadecimal  [32-Bits]

Area                                    Addr        Size        Decimal Bytes (Attributes)
--------------------------------        ----        ----        ------- ----- ------------
.  .ABS.                            00000000    00000000 =           0. bytes (ABS,CON)

      Value  Global                              Global Defined In Module
      -----  --------------------------------   ------------------------
     000000CC  _TL2                               main
     000000CD  G$RCLK$0_0$0                       main
     000000CD  G$T2CON_5$0_0$0                    main
     000000CD  G$TH2$0_0$0                        main
     000000CD  _RCLK                              main
     000000CD  _T2CON_5                           main
     000000CD  _TH2                               main
     000000CE  G$EXF2$0_0$0                       main
     000000CE  G$T2CON_6$0_0$0                    main
     000000CE  _EXF2                              main
     000000CE  _T2CON_6                           main
     000000CF  G$T2CON_7$0_0$0                    main
     000000CF  G$TF2$0_0$0                        main
     000000CF  _T2CON_7                           main
     000000CF  _TF2                               main
     000000D0  G$P$0_0$0                          main
     000000D0  G$PSW$0_0$0                        main
     000000D0  _P                                 main
     000000D0  _PSW                               main
     000000D1  G$F1$0_0$0                         main
     000000D1  _F1                                main
     000000D2  G$OV$0_0$0                         main
     000000D2  _OV                                main
     000000D3  G$RS0$0_0$0                        main
     000000D3  _RS0                               main
     000000D4  G$RS1$0_0$0                        main
     000000D4  _RS1                               main
     000000D5  G$F0$0_0$0                         main
     000000D5  _F0                                main
     000000D6  G$AC$0_0$0                         main
     000000D6  _AC                                main
     000000D7  G$CY$0_0$0                         main
     000000D7  _CY                                main
     000000E0  G$ACC$0_0$0                        main
     000000E0  _ACC                               main
     000000F0  G$B$0_0$0                          main
     000000F0  _B                                 main
     000000F5  _B_5                               _gptrget
     000000F6  _B_6                               _gptrget
     000000F7  _B_7                               _gptrget
ASxxxx Linker V03.00 + NoICE + sdld,  page 8.
Hexadecimal  [32-Bits]

Area                                    Addr        Size        Decimal Bytes (Attributes)
--------------------------------        ----        ----        ------- ----- ------------
REG_BANK_0                          00000000    00000008 =           8. bytes (REL,OVR)

      Value  Global                              Global Defined In Module
      -----  --------------------------------   ------------------------
ASxxxx Linker V03.00 + NoICE + sdld,  page 9.
Hexadecimal  [32-Bits]

Area                                    Addr        Size        Decimal Bytes (Attributes)
--------------------------------        ----        ----        ------- ----- ------------
DSEG                                00000000    00000080 =         128. bytes (REL,CON)

      Value  Global                              Global Defined In Module
      -----  --------------------------------   ------------------------
     00000008  Lmain.LCD_GotoXY$col$1_0$59        main
     00000008  _LCD_GotoXY_PARM_2                 main
     00000009  Lmain.RemoveFirstDigit$str$1_0$7   main
     0000000C  Lmain.RemoveFirstDigit$length$1_   main
     0000000E  Lmain.RemoveFirstDigit$i$3_0$75    main
     00000010  Lmain.main$result$1_1$78           main
     00000012  Lmain.main$check$1_1$78            main
     00000014  Lmain.main$mul$1_1$78              main
     00000016  Lmain.main$buffer$1_2$79           main
     00000026  Lmain.main$s$1_2$79                main
     00000036  Lmain.main$lengs$3_2$81            main
     00000038  Lmain.main$i$9_2$118               main
     0000003A  Lmain.main$lengs$4_2$90            main
     0000003C  Lmain.main$lengs$5_2$96            main
     0000003E  Lmain.main$lengs$6_2$102           main
     00000040  _vsprintf_PARM_2                   sprintf
     00000043  _vsprintf_PARM_3                   sprintf
     00000047  _bp                                _bp
     00000055  __print_format_PARM_2              printf_large
     00000058  __print_format_PARM_3              printf_large
     0000005B  __print_format_PARM_4              printf_large
ASxxxx Linker V03.00 + NoICE + sdld,  page 10.
Hexadecimal  [32-Bits]

Area                                    Addr        Size        Decimal Bytes (Attributes)
--------------------------------        ----        ----        ------- ----- ------------
OSEG                                00000076    00000003 =           3. bytes (REL,OVR)

      Value  Global                              Global Defined In Module
      -----  --------------------------------   ------------------------
     00000076  __divsint_PARM_2                   _divuint
     00000076  __divuint_PARM_2                   _divuint
     00000076  __gptrput_PARM_2                   _gptrput
     00000076  __mulint_PARM_2                    _mulint

ASxxxx Linker V03.00 + NoICE + sdld,  page 11.
Hexadecimal  [32-Bits]

Area                                    Addr        Size        Decimal Bytes (Attributes)
--------------------------------        ----        ----        ------- ----- ------------
ISEG                                00000079    00000006 =           6. bytes (REL,CON)

      Value  Global                              Global Defined In Module
      -----  --------------------------------   ------------------------
ASxxxx Linker V03.00 + NoICE + sdld,  page 12.
Hexadecimal  [32-Bits]

Area                                    Addr        Size        Decimal Bytes (Attributes)
--------------------------------        ----        ----        ------- ----- ------------
SSEG                                0000007F    00000081 =         129. bytes (REL,OVR)

      Value  Global                              Global Defined In Module
      -----  --------------------------------   ------------------------
     0000007F  __start__stack                     main

ASxxxx Linker V03.00 + NoICE + sdld,  page 13.
Hexadecimal  [32-Bits]

Area                                    Addr        Size        Decimal Bytes (Attributes)
--------------------------------        ----        ----        ------- ----- ------------
HOME                                00000000    00000006 =           6. bytes (REL,CON,CODE)

      Value  Global                              Global Defined In Module
      -----  --------------------------------   ------------------------
C:   00000000  A$main$500                         main
C:   00000003  A$main$522                         main
C:   00000003  __sdcc_program_startup             main
ASxxxx Linker V03.00 + NoICE + sdld,  page 14.
Hexadecimal  [32-Bits]

Area                                    Addr        Size        Decimal Bytes (Attributes)
--------------------------------        ----        ----        ------- ----- ------------
GSINIT0                             00000006    00000003 =           3. bytes (REL,CON,CODE)

      Value  Global                              Global Defined In Module
      -----  --------------------------------   ------------------------
C:   00000006  __sdcc_gsinit_startup              

ASxxxx Linker V03.00 + NoICE + sdld,  page 15.
Hexadecimal  [32-Bits]

Area                                    Addr        Size        Decimal Bytes (Attributes)
--------------------------------        ----        ----        ------- ----- ------------
GSINIT2                             00000009    0000000A =          10. bytes (REL,CON,CODE)

      Value  Global                              Global Defined In Module
      -----  --------------------------------   ------------------------
ASxxxx Linker V03.00 + NoICE + sdld,  page 16.
Hexadecimal  [32-Bits]

Area                                    Addr        Size        Decimal Bytes (Attributes)
--------------------------------        ----        ----        ------- ----- ------------
GSINIT3                             00000013    00000022 =          34. bytes (REL,CON,CODE)

      Value  Global                              Global Defined In Module
      -----  --------------------------------   ------------------------
C:   00000013  __mcs51_genXINIT                   

ASxxxx Linker V03.00 + NoICE + sdld,  page 17.
Hexadecimal  [32-Bits]

Area                                    Addr        Size        Decimal Bytes (Attributes)
--------------------------------        ----        ----        ------- ----- ------------
GSINIT4                             00000035    0000002A =          42. bytes (REL,CON,CODE)

      Value  Global                              Global Defined In Module
      -----  --------------------------------   ------------------------
C:   00000035  __mcs51_genRAMCLEAR                
C:   0000003B  __mcs51_genXRAMCLEAR               

ASxxxx Linker V03.00 + NoICE + sdld,  page 18.
Hexadecimal  [32-Bits]

Area                                    Addr        Size        Decimal Bytes (Attributes)
--------------------------------        ----        ----        ------- ----- ------------
GSFINAL                             0000005F    00000003 =           3. bytes (REL,CON,CODE)

      Value  Global                              Global Defined In Module
      -----  --------------------------------   ------------------------
C:   0000005F  A$main$515                         main

ASxxxx Linker V03.00 + NoICE + sdld,  page 19.
Hexadecimal  [32-Bits]

Area                                    Addr        Size        Decimal Bytes (Attributes)
--------------------------------        ----        ----        ------- ----- ------------
CSEG                                00000062    0000124E =        4686. bytes (REL,CON,CODE)

      Value  Global                              Global Defined In Module
      -----  --------------------------------   ------------------------
C:   00000062  A$main$548                         main
C:   00000062  C$main.c$23$0_0$51                 main
C:   00000062  G$LCD_Send_Command$0$0             main
C:   00000062  _LCD_Send_Command                  main
C:   00000065  A$main$552                         main
C:   00000065  C$main.c$26$1_0$51                 main
C:   00000067  A$main$556                         main
C:   00000067  C$main.c$27$1_0$51                 main
C:   00000069  A$main$560                         main
C:   00000069  C$main.c$28$1_0$51                 main
C:   0000006B  A$main$563                         main
C:   0000006B  C$main.c$29$1_0$51                 main
C:   0000006E  A$main$564                         main
C:   00000071  A$main$568                         main
C:   00000071  C$main.c$30$1_0$51                 main
C:   00000073  A$main$571                         main
C:   00000073  C$main.c$31$1_0$51                 main
C:   00000076  A$main$575                         main
C:   00000076  C$main.c$32$1_0$51                 main
C:   00000078  A$main$580                         main
C:   00000078  C$main.c$33$1_0$51                 main
C:   00000078  XG$LCD_Send_Command$0$0            main
C:   00000079  A$main$593                         main
C:   00000079  C$main.c$35$1_0$52                 main
C:   00000079  C$main.c$37$1_0$52                 main
C:   00000079  G$Wait_For_LCD$0$0                 main
C:   00000079  _Wait_For_LCD                      main
C:   0000007C  A$main$594                         main
C:   0000007F  A$main$599                         main
C:   0000007F  C$main.c$38$1_0$52                 main
C:   0000007F  XG$Wait_For_LCD$0$0                main
C:   00000080  A$main$612                         main
C:   00000080  C$main.c$39$1_0$53                 main
C:   00000080  C$main.c$41$1_0$53                 main
C:   00000080  G$LCD_init$0$0                     main
C:   00000080  _LCD_init                          main
C:   00000083  A$main$613                         main
C:   00000086  A$main$616                         main
C:   00000086  C$main.c$42$1_0$53                 main
C:   00000089  A$main$617                         main
C:   0000008C  A$main$620                         main
C:   0000008C  C$main.c$43$1_0$53                 main
C:   0000008F  A$main$621                         main
C:   00000092  A$main$624                         main
C:   00000092  C$main.c$44$1_0$53                 main
C:   00000095  A$main$625                         main
C:   00000098  A$main$630                         main
C:   00000098  C$main.c$45$1_0$53                 main
C:   00000098  XG$LCD_init$0$0                    main
C:   00000099  A$main$643                         main
ASxxxx Linker V03.00 + NoICE + sdld,  page 20.
Hexadecimal  [32-Bits]

Area                                    Addr        Size        Decimal Bytes (Attributes)
--------------------------------        ----        ----        ------- ----- ------------
CSEG                                00000062    0000124E =        4686. bytes (REL,CON,CODE)

      Value  Global                              Global Defined In Module
      -----  --------------------------------   ------------------------
C:   00000099  C$main.c$48$1_0$55                 main
C:   00000099  G$LCD_Write_One_Char$0$0           main
C:   00000099  _LCD_Write_One_Char                main
C:   0000009C  A$main$647                         main
C:   0000009C  C$main.c$51$1_0$55                 main
C:   0000009E  A$main$651                         main
C:   0000009E  C$main.c$52$1_0$55                 main
C:   000000A0  A$main$655                         main
C:   000000A0  C$main.c$53$1_0$55                 main
C:   000000A2  A$main$658                         main
C:   000000A2  C$main.c$54$1_0$55                 main
C:   000000A5  A$main$659                         main
C:   000000A8  A$main$663                         main
C:   000000A8  C$main.c$55$1_0$55                 main
C:   000000AA  A$main$666                         main
C:   000000AA  C$main.c$56$1_0$55                 main
C:   000000AD  A$main$670                         main
C:   000000AD  C$main.c$57$1_0$55                 main
C:   000000AF  A$main$675                         main
C:   000000AF  C$main.c$58$1_0$55                 main
C:   000000AF  XG$LCD_Write_One_Char$0$0          main
C:   000000B0  A$main$691                         main
C:   000000B0  C$main.c$60$1_0$57                 main
C:   000000B0  C$main.c$63$1_0$57                 main
C:   000000B0  G$LCD_Write_String$0$0             main
C:   000000B0  _LCD_Write_String                  main
C:   000000B2  A$main$692                         main
C:   000000B4  A$main$693                         main
C:   000000B6  A$main$694                         main
C:   000000B8  A$main$695                         main
C:   000000BA  A$main$696                         main
C:   000000BC  A$main$697                         main
C:   000000BF  A$main$698                         main
C:   000000C1  A$main$699                         main
C:   000000C3  A$main$700                         main
C:   000000C5  A$main$701                         main
C:   000000C7  A$main$702                         main
C:   000000C9  A$main$706                         main
C:   000000C9  C$main.c$64$1_0$57                 main
C:   000000CA  A$main$707                         main
C:   000000CC  A$main$710                         main
C:   000000CC  C$main.c$66$2_0$58                 main
C:   000000CE  A$main$711                         main
C:   000000D0  A$main$712                         main
C:   000000D2  A$main$713                         main
C:   000000D5  A$main$714                         main
C:   000000D6  A$main$715                         main
C:   000000D7  A$main$716                         main
C:   000000D9  A$main$717                         main
C:   000000DB  A$main$718                         main
C:   000000DD  A$main$719                         main
ASxxxx Linker V03.00 + NoICE + sdld,  page 21.
Hexadecimal  [32-Bits]

Area                                    Addr        Size        Decimal Bytes (Attributes)
--------------------------------        ----        ----        ------- ----- ------------
CSEG                                00000062    0000124E =        4686. bytes (REL,CON,CODE)

      Value  Global                              Global Defined In Module
      -----  --------------------------------   ------------------------
C:   000000DF  A$main$720                         main
C:   000000E1  A$main$721                         main
C:   000000E3  A$main$722                         main
C:   000000E5  A$main$723                         main
C:   000000E8  A$main$724                         main
C:   000000EA  A$main$725                         main
C:   000000EC  A$main$726                         main
C:   000000EE  A$main$727                         main
C:   000000F0  A$main$732                         main
C:   000000F0  C$main.c$67$2_0$58                 main
C:   000000F0  C$main.c$68$2_0$58                 main
C:   000000F1  A$main$733                         main
C:   000000F3  A$main$739                         main
C:   000000F3  C$main.c$70$1_0$57                 main
C:   000000F3  XG$LCD_Write_String$0$0            main
C:   000000F4  A$main$754                         main
C:   000000F4  C$main.c$72$1_0$60                 main
C:   000000F4  G$LCD_GotoXY$0$0                   main
C:   000000F4  _LCD_GotoXY                        main
C:   000000F6  A$main$757                         main
C:   000000F6  C$main.c$75$1_0$60                 main
C:   000000F9  A$main$760                         main
C:   000000F9  C$main.c$76$1_0$60                 main
C:   000000FC  A$main$761                         main
C:   000000FF  A$main$762                         main
C:   00000101  A$main$766                         main
C:   00000101  C$main.c$78$1_0$60                 main
C:   00000104  A$main$767                         main
C:   00000107  A$main$771                         main
C:   00000107  C$main.c$79$2_0$60                 main
C:   00000109  A$main$773                         main
C:   0000010A  A$main$774                         main
C:   0000010B  A$main$775                         main
C:   0000010D  A$main$776                         main
C:   0000010F  A$main$779                         main
C:   0000010F  C$main.c$80$2_0$61                 main
C:   00000112  A$main$780                         main
C:   00000114  A$main$781                         main
C:   00000117  A$main$782                         main
C:   00000119  A$main$785                         main
C:   00000119  C$main.c$79$2_0$61                 main
C:   0000011A  A$main$786                         main
C:   0000011C  A$main$792                         main
C:   0000011C  C$main.c$81$2_0$60                 main
C:   0000011C  XG$LCD_GotoXY$0$0                  main
C:   0000011D  A$main$807                         main
C:   0000011D  C$main.c$83$2_0$64                 main
C:   0000011D  G$Delay_ms$0$0                     main
C:   0000011D  _Delay_ms                          main
C:   0000011F  A$main$808                         main
C:   00000121  A$main$811                         main
ASxxxx Linker V03.00 + NoICE + sdld,  page 22.
Hexadecimal  [32-Bits]

Area                                    Addr        Size        Decimal Bytes (Attributes)
--------------------------------        ----        ----        ------- ----- ------------
CSEG                                00000062    0000124E =        4686. bytes (REL,CON,CODE)

      Value  Global                              Global Defined In Module
      -----  --------------------------------   ------------------------
C:   00000123  A$main$812                         main
C:   00000125  A$main$816                         main
C:   00000125  C$main.c$88$2_0$64                 main
C:   00000127  A$main$817                         main
C:   00000129  A$main$819                         main
C:   0000012A  A$main$820                         main
C:   0000012B  A$main$821                         main
C:   0000012C  A$main$822                         main
C:   0000012D  A$main$823                         main
C:   0000012F  A$main$824                         main
C:   00000131  A$main$825                         main
C:   00000134  A$main$826                         main
C:   00000136  A$main$827                         main
C:   00000138  A$main$828                         main
C:   00000139  A$main$829                         main
C:   0000013C  A$main$830                         main
C:   0000013D  A$main$831                         main
C:   0000013F  A$main$835                         main
C:   0000013F  C$main.c$86$2_0$64                 main
C:   00000140  A$main$836                         main
C:   00000143  A$main$837                         main
C:   00000144  A$main$839                         main
C:   00000145  A$main$840                         main
C:   00000146  A$main$841                         main
C:   00000148  A$main$842                         main
C:   00000149  A$main$843                         main
C:   0000014B  A$main$844                         main
C:   0000014D  A$main$845                         main
C:   0000014F  A$main$850                         main
C:   0000014F  C$main.c$90$2_0$64                 main
C:   0000014F  XG$Delay_ms$0$0                    main
C:   00000150  A$main$864                         main
C:   00000150  C$main.c$92$2_0$69                 main
C:   00000150  G$Delay_us$0$0                     main
C:   00000150  _Delay_us                          main
C:   00000152  A$main$865                         main
C:   00000154  A$main$868                         main
C:   00000154  C$main.c$95$2_0$69                 main
C:   00000156  A$main$869                         main
C:   00000158  A$main$871                         main
C:   00000159  A$main$872                         main
C:   0000015A  A$main$873                         main
C:   0000015B  A$main$874                         main
C:   0000015C  A$main$875                         main
C:   0000015E  A$main$876                         main
C:   00000160  A$main$877                         main
C:   00000163  A$main$878                         main
C:   00000165  A$main$879                         main
C:   00000167  A$main$880                         main
C:   00000168  A$main$881                         main
C:   0000016B  A$main$882                         main
ASxxxx Linker V03.00 + NoICE + sdld,  page 23.
Hexadecimal  [32-Bits]

Area                                    Addr        Size        Decimal Bytes (Attributes)
--------------------------------        ----        ----        ------- ----- ------------
CSEG                                00000062    0000124E =        4686. bytes (REL,CON,CODE)

      Value  Global                              Global Defined In Module
      -----  --------------------------------   ------------------------
C:   0000016C  A$main$883                         main
C:   0000016E  A$main$889                         main
C:   0000016E  C$main.c$96$2_0$69                 main
C:   0000016E  XG$Delay_us$0$0                    main
C:   0000016F  A$main$902                         main
C:   0000016F  C$main.c$98$2_0$70                 main
C:   0000016F  C$main.c$99$1_0$70                 main
C:   0000016F  G$LCD_Clear$0$0                    main
C:   0000016F  _LCD_Clear                         main
C:   00000172  A$main$903                         main
C:   00000175  A$main$906                         main
C:   00000175  C$main.c$100$1_0$70                main
C:   00000178  A$main$907                         main
C:   0000017B  A$main$912                         main
C:   0000017B  C$main.c$101$1_0$70                main
C:   0000017B  XG$LCD_Clear$0$0                   main
C:   0000017C  A$main$926                         main
C:   0000017C  C$main.c$103$1_0$71                main
C:   0000017C  C$main.c$104$1_0$71                main
C:   0000017C  G$Beep$0$0                         main
C:   0000017C  _Beep                              main
C:   0000017E  A$main$929                         main
C:   0000017E  C$main.c$105$1_0$71                main
C:   00000181  A$main$930                         main
C:   00000184  A$main$934                         main
C:   00000184  C$main.c$106$1_0$71                main
C:   00000186  A$main$939                         main
C:   00000186  C$main.c$107$1_0$71                main
C:   00000186  XG$Beep$0$0                        main
C:   00000187  A$main$956                         main
C:   00000187  C$main.c$109$1_0$73                main
C:   00000187  C$main.c$110$1_0$73                main
C:   00000187  G$RemoveFirstDigit$0$0             main
C:   00000187  _RemoveFirstDigit                  main
C:   0000018A  A$main$957                         main
C:   0000018D  A$main$958                         main
C:   00000190  A$main$959                         main
C:   00000193  A$main$960                         main
C:   00000196  A$main$961                         main
C:   00000199  A$main$964                         main
C:   00000199  C$main.c$112$1_0$73                main
C:   0000019A  A$main$965                         main
C:   0000019C  A$main$966                         main
C:   0000019E  A$main$967                         main
C:   000001A0  A$main$968                         main
C:   000001A3  A$main$969                         main
C:   000001A6  A$main$970                         main
C:   000001A8  A$main$971                         main
C:   000001AA  A$main$972                         main
C:   000001AD  A$main$976                         main
C:   000001AD  C$main.c$113$4_0$75                main
ASxxxx Linker V03.00 + NoICE + sdld,  page 24.
Hexadecimal  [32-Bits]

Area                                    Addr        Size        Decimal Bytes (Attributes)
--------------------------------        ----        ----        ------- ----- ------------
CSEG                                00000062    0000124E =        4686. bytes (REL,CON,CODE)

      Value  Global                              Global Defined In Module
      -----  --------------------------------   ------------------------
C:   000001AE  A$main$977                         main
C:   000001B0  A$main$978                         main
C:   000001B2  A$main$979                         main
C:   000001B4  A$main$980                         main
C:   000001B6  A$main$981                         main
C:   000001B7  A$main$982                         main
C:   000001B9  A$main$983                         main
C:   000001BB  A$main$984                         main
C:   000001BC  A$main$986                         main
C:   000001BD  A$main$987                         main
C:   000001BF  A$main$988                         main
C:   000001C0  A$main$989                         main
C:   000001C2  A$main$990                         main
C:   000001C4  A$main$991                         main
C:   000001C6  A$main$992                         main
C:   000001C9  A$main$993                         main
C:   000001CB  A$main$994                         main
C:   000001CD  A$main$997                         main
C:   000001CD  C$main.c$114$1_0$73                main
C:   000001CF  A$main$998                         main
C:   000001D1  A$main$999                         main
C:   000001D3  A$main$1000                        main
C:   000001D5  A$main$1001                        main
C:   000001D6  A$main$1002                        main
C:   000001D8  A$main$1003                        main
C:   000001DA  A$main$1004                        main
C:   000001DB  A$main$1005                        main
C:   000001DD  A$main$1006                        main
C:   000001DF  A$main$1007                        main
C:   000001E1  A$main$1008                        main
C:   000001E2  A$main$1009                        main
C:   000001E3  A$main$1010                        main
C:   000001E5  A$main$1011                        main
C:   000001E6  A$main$1012                        main
C:   000001E7  A$main$1013                        main
C:   000001E9  A$main$1014                        main
C:   000001EA  A$main$1015                        main
C:   000001EB  A$main$1016                        main
C:   000001ED  A$main$1017                        main
C:   000001EE  A$main$1018                        main
C:   000001F0  A$main$1019                        main
C:   000001F2  A$main$1020                        main
C:   000001F4  A$main$1021                        main
C:   000001F6  A$main$1022                        main
C:   000001F9  A$main$1023                        main
C:   000001FB  A$main$1024                        main
C:   000001FD  A$main$1025                        main
C:   000001FF  A$main$1026                        main
C:   00000202  A$main$1029                        main
C:   00000202  C$main.c$113$3_0$75                main
C:   00000204  A$main$1030                        main
ASxxxx Linker V03.00 + NoICE + sdld,  page 25.
Hexadecimal  [32-Bits]

Area                                    Addr        Size        Decimal Bytes (Attributes)
--------------------------------        ----        ----        ------- ----- ------------
CSEG                                00000062    0000124E =        4686. bytes (REL,CON,CODE)

      Value  Global                              Global Defined In Module
      -----  --------------------------------   ------------------------
C:   00000206  A$main$1031                        main
C:   00000208  A$main$1032                        main
C:   0000020A  A$main$1033                        main
C:   0000020C  A$main$1037                        main
C:   0000020C  C$main.c$116$2_0$74                main
C:   0000020E  A$main$1038                        main
C:   00000210  A$main$1039                        main
C:   00000211  A$main$1040                        main
C:   00000213  A$main$1041                        main
C:   00000215  A$main$1042                        main
C:   00000216  A$main$1043                        main
C:   00000217  A$main$1044                        main
C:   00000219  A$main$1045                        main
C:   0000021A  A$main$1046                        main
C:   0000021B  A$main$1047                        main
C:   0000021D  A$main$1048                        main
C:   0000021E  A$main$1049                        main
C:   00000220  A$main$1050                        main
C:   00000222  A$main$1051                        main
C:   00000224  A$main$1052                        main
C:   00000226  A$main$1053                        main
C:   00000227  A$main$1054                        main
C:   0000022A  A$main$1058                        main
C:   0000022A  C$main.c$118$1_0$73                main
C:   0000022D  A$main$1061                        main
C:   0000022D  C$main.c$119$1_0$73                main
C:   00000230  A$main$1062                        main
C:   00000233  A$main$1063                        main
C:   00000236  A$main$1064                        main
C:   00000239  A$main$1069                        main
C:   00000239  C$main.c$120$1_0$73                main
C:   00000239  XG$RemoveFirstDigit$0$0            main
C:   0000023A  A$main$1097                        main
C:   0000023A  C$main.c$122$1_0$77                main
C:   0000023A  C$main.c$124$1_0$77                main
C:   0000023A  G$main$0$0                         main
C:   0000023A  _main                              main
C:   0000023D  A$main$1102                        main
C:   0000023D  C$main.c$125$2_0$78                main
C:   0000023D  C$main.c$126$2_0$78                main
C:   0000023E  A$main$1103                        main
C:   00000240  A$main$1104                        main
C:   00000242  A$main$1105                        main
C:   00000243  A$main$1106                        main
C:   00000244  A$main$1109                        main
C:   00000244  C$main.c$127$2_0$78                main
C:   00000247  A$main$1111                        main
C:   00000249  A$main$1114                        main
C:   00000249  C$main.c$128$2_0$78                main
C:   0000024B  A$main$1115                        main
C:   0000024D  A$main$1118                        main
ASxxxx Linker V03.00 + NoICE + sdld,  page 26.
Hexadecimal  [32-Bits]

Area                                    Addr        Size        Decimal Bytes (Attributes)
--------------------------------        ----        ----        ------- ----- ------------
CSEG                                00000062    0000124E =        4686. bytes (REL,CON,CODE)

      Value  Global                              Global Defined In Module
      -----  --------------------------------   ------------------------
C:   0000024D  C$main.c$129$1_1$78                main
C:   0000024F  A$main$1119                        main
C:   00000251  A$main$1120                        main
C:   00000253  A$main$1121                        main
C:   00000255  A$main$1122                        main
C:   00000258  A$main$1123                        main
C:   0000025A  A$main$1124                        main
C:   0000025C  A$main$1125                        main
C:   0000025E  A$main$1126                        main
C:   00000260  A$main$1130                        main
C:   00000260  C$main.c$130$1_1$78                main
C:   00000262  A$main$1132                        main
C:   00000264  A$main$1134                        main
C:   00000266  A$main$1136                        main
C:   00000268  A$main$1139                        main
C:   00000268  C$main.c$133$2_1$79                main
C:   0000026B  A$main$1140                        main
C:   0000026E  A$main$1141                        main
C:   00000271  A$main$1142                        main
C:   00000274  A$main$1143                        main
C:   00000277  A$main$1144                        main
C:   0000027A  A$main$1145                        main
C:   0000027D  A$main$1146                        main
C:   00000280  A$main$1147                        main
C:   00000283  A$main$1148                        main
C:   00000286  A$main$1149                        main
C:   00000289  A$main$1150                        main
C:   0000028C  A$main$1151                        main
C:   0000028F  A$main$1152                        main
C:   00000292  A$main$1153                        main
C:   00000295  A$main$1154                        main
C:   00000298  A$main$1161                        main
C:   00000298  C$main.c$134$1_2$79                main
C:   00000298  C$main.c$135$2_2$80                main
C:   0000029A  A$main$1163                        main
C:   0000029C  A$main$1165                        main
C:   0000029E  A$main$1167                        main
C:   000002A0  A$main$1170                        main
C:   000002A0  C$main.c$136$2_2$80                main
C:   000002A3  A$main$1171                        main
C:   000002A6  A$main$1175                        main
C:   000002A6  C$main.c$137$3_2$81                main
C:   000002A9  A$main$1176                        main
C:   000002AC  A$main$1177                        main
C:   000002AE  A$main$1178                        main
C:   000002B0  A$main$1179                        main
C:   000002B2  A$main$1180                        main
C:   000002B4  A$main$1181                        main
C:   000002B7  A$main$1182                        main
C:   000002BA  A$main$1183                        main
C:   000002BD  A$main$1184                        main
ASxxxx Linker V03.00 + NoICE + sdld,  page 27.
Hexadecimal  [32-Bits]

Area                                    Addr        Size        Decimal Bytes (Attributes)
--------------------------------        ----        ----        ------- ----- ------------
CSEG                                00000062    0000124E =        4686. bytes (REL,CON,CODE)

      Value  Global                              Global Defined In Module
      -----  --------------------------------   ------------------------
C:   000002BF  A$main$1185                        main
C:   000002C1  A$main$1186                        main
C:   000002C3  A$main$1187                        main
C:   000002C5  A$main$1191                        main
C:   000002C5  C$main.c$138$3_2$81                main
C:   000002C7  A$main$1193                        main
C:   000002C9  A$main$1195                        main
C:   000002CB  A$main$1197                        main
C:   000002CD  A$main$1200                        main
C:   000002CD  C$main.c$139$3_2$81                main
C:   000002D0  A$main$1201                        main
C:   000002D3  A$main$1205                        main
C:   000002D3  C$main.c$140$4_2$82                main
C:   000002D5  A$main$1206                        main
C:   000002D8  A$main$1207                        main
C:   000002D9  A$main$1208                        main
C:   000002DC  A$main$1209                        main
C:   000002DE  A$main$1211                        main
C:   000002E0  A$main$1212                        main
C:   000002E3  A$main$1213                        main
C:   000002E4  A$main$1214                        main
C:   000002E7  A$main$1215                        main
C:   000002E9  A$main$1217                        main
C:   000002EB  A$main$1218                        main
C:   000002EE  A$main$1219                        main
C:   000002EF  A$main$1220                        main
C:   000002F2  A$main$1221                        main
C:   000002F4  A$main$1223                        main
C:   000002F6  A$main$1224                        main
C:   000002F9  A$main$1225                        main
C:   000002FA  A$main$1226                        main
C:   000002FD  A$main$1227                        main
C:   000002FF  A$main$1231                        main
C:   000002FF  C$main.c$141$5_2$83                main
C:   00000301  A$main$1235                        main
C:   00000301  C$main.c$142$5_2$83                main
C:   00000302  A$main$1236                        main
C:   00000304  A$main$1237                        main
C:   00000306  A$main$1238                        main
C:   00000307  A$main$1239                        main
C:   00000309  A$main$1240                        main
C:   0000030B  A$main$1245                        main
C:   0000030B  C$main.c$143$5_2$83                main
C:   0000030B  C$main.c$144$5_2$83                main
C:   0000030D  A$main$1249                        main
C:   0000030D  C$main.c$145$5_2$83                main
C:   0000030F  A$main$1250                        main
C:   00000310  A$main$1251                        main
C:   00000311  A$main$1252                        main
C:   00000313  A$main$1253                        main
C:   00000315  A$main$1254                        main
ASxxxx Linker V03.00 + NoICE + sdld,  page 28.
Hexadecimal  [32-Bits]

Area                                    Addr        Size        Decimal Bytes (Attributes)
--------------------------------        ----        ----        ------- ----- ------------
CSEG                                00000062    0000124E =        4686. bytes (REL,CON,CODE)

      Value  Global                              Global Defined In Module
      -----  --------------------------------   ------------------------
C:   00000316  A$main$1255                        main
C:   00000318  A$main$1260                        main
C:   00000318  C$main.c$146$5_2$83                main
C:   00000318  C$main.c$147$5_2$83                main
C:   0000031A  A$main$1264                        main
C:   0000031A  C$main.c$148$1_2$77                main
C:   0000031C  A$main$1265                        main
C:   0000031E  A$main$1266                        main
C:   00000320  A$main$1267                        main
C:   00000322  A$main$1268                        main
C:   00000324  A$main$1269                        main
C:   00000326  A$main$1270                        main
C:   00000329  A$main$1271                        main
C:   0000032C  A$main$1272                        main
C:   0000032F  A$main$1273                        main
C:   00000331  A$main$1274                        main
C:   00000333  A$main$1277                        main
C:   00000333  C$main.c$149$5_2$83                main
C:   00000335  A$main$1278                        main
C:   00000337  A$main$1279                        main
C:   00000339  A$main$1280                        main
C:   0000033B  A$main$1281                        main
C:   0000033D  A$main$1282                        main
C:   0000033F  A$main$1287                        main
C:   0000033F  C$main.c$150$5_2$83                main
C:   0000033F  C$main.c$151$5_2$83                main
C:   00000341  A$main$1291                        main
C:   00000341  C$main.c$152$1_2$77                main
C:   00000343  A$main$1292                        main
C:   00000345  A$main$1293                        main
C:   00000347  A$main$1294                        main
C:   00000349  A$main$1295                        main
C:   0000034B  A$main$1296                        main
C:   0000034D  A$main$1297                        main
C:   00000350  A$main$1298                        main
C:   00000352  A$main$1299                        main
C:   00000354  A$main$1300                        main
C:   00000356  A$main$1301                        main
C:   00000358  A$main$1304                        main
C:   00000358  C$main.c$153$5_2$83                main
C:   00000359  A$main$1305                        main
C:   0000035B  A$main$1306                        main
C:   0000035D  A$main$1307                        main
C:   0000035E  A$main$1308                        main
C:   00000360  A$main$1309                        main
C:   00000362  A$main$1315                        main
C:   00000362  C$main.c$155$4_2$82                main
C:   00000362  C$main.c$156$4_2$82                main
C:   00000365  A$main$1316                        main
C:   00000367  A$main$1317                        main
C:   00000369  A$main$1318                        main
ASxxxx Linker V03.00 + NoICE + sdld,  page 29.
Hexadecimal  [32-Bits]

Area                                    Addr        Size        Decimal Bytes (Attributes)
--------------------------------        ----        ----        ------- ----- ------------
CSEG                                00000062    0000124E =        4686. bytes (REL,CON,CODE)

      Value  Global                              Global Defined In Module
      -----  --------------------------------   ------------------------
C:   0000036C  A$main$1319                        main
C:   0000036E  A$main$1320                        main
C:   00000370  A$main$1323                        main
C:   00000370  C$main.c$157$4_2$82                main
C:   00000371  A$main$1324                        main
C:   00000372  A$main$1325                        main
C:   00000374  A$main$1326                        main
C:   00000376  A$main$1327                        main
C:   00000379  A$main$1328                        main
C:   0000037A  A$main$1329                        main
C:   0000037D  A$main$1330                        main
C:   0000037F  A$main$1332                        main
C:   00000381  A$main$1336                        main
C:   00000381  C$main.c$158$5_2$84                main
C:   00000384  A$main$1337                        main
C:   00000387  A$main$1338                        main
C:   0000038A  A$main$1339                        main
C:   0000038C  A$main$1343                        main
C:   0000038C  C$main.c$160$5_2$85                main
C:   0000038E  A$main$1344                        main
C:   00000390  A$main$1345                        main
C:   00000392  A$main$1346                        main
C:   00000394  A$main$1347                        main
C:   00000396  A$main$1348                        main
C:   00000398  A$main$1349                        main
C:   0000039A  A$main$1350                        main
C:   0000039C  A$main$1351                        main
C:   0000039E  A$main$1352                        main
C:   000003A0  A$main$1353                        main
C:   000003A2  A$main$1354                        main
C:   000003A4  A$main$1355                        main
C:   000003A6  A$main$1356                        main
C:   000003A8  A$main$1357                        main
C:   000003AB  A$main$1358                        main
C:   000003AD  A$main$1359                        main
C:   000003AF  A$main$1360                        main
C:   000003B1  A$main$1363                        main
C:   000003B1  C$main.c$11$1_2$77                 main
C:   000003B2  A$main$1364                        main
C:   000003B4  A$main$1365                        main
C:   000003B6  A$main$1367                        main
C:   000003B7  A$main$1368                        main
C:   000003B9  A$main$1369                        main
C:   000003BB  A$main$1370                        main
C:   000003BD  A$main$1371                        main
C:   000003BF  A$main$1372                        main
C:   000003C1  A$main$1373                        main
C:   000003C3  A$main$1376                        main
C:   000003C5  A$main$1379                        main
C:   000003C5  C$main.c$14$1_2$77                 main
C:   000003C7  A$main$1380                        main
ASxxxx Linker V03.00 + NoICE + sdld,  page 30.
Hexadecimal  [32-Bits]

Area                                    Addr        Size        Decimal Bytes (Attributes)
--------------------------------        ----        ----        ------- ----- ------------
CSEG                                00000062    0000124E =        4686. bytes (REL,CON,CODE)

      Value  Global                              Global Defined In Module
      -----  --------------------------------   ------------------------
C:   000003C9  A$main$1382                        main
C:   000003CA  A$main$1383                        main
C:   000003CB  A$main$1384                        main
C:   000003CD  A$main$1385                        main
C:   000003CE  A$main$1386                        main
C:   000003D0  A$main$1387                        main
C:   000003D2  A$main$1388                        main
C:   000003D4  A$main$1389                        main
C:   000003D5  A$main$1390                        main
C:   000003D8  A$main$1391                        main
C:   000003D9  A$main$1392                        main
C:   000003DB  A$main$1396                        main
C:   000003DD  A$main$1399                        main
C:   000003DD  C$main.c$17$1_2$77                 main
C:   000003DF  A$main$1400                        main
C:   000003E1  A$main$1402                        main
C:   000003E2  A$main$1403                        main
C:   000003E3  A$main$1404                        main
C:   000003E5  A$main$1405                        main
C:   000003E6  A$main$1406                        main
C:   000003E8  A$main$1407                        main
C:   000003EA  A$main$1408                        main
C:   000003EC  A$main$1409                        main
C:   000003ED  A$main$1410                        main
C:   000003F0  A$main$1411                        main
C:   000003F1  A$main$1412                        main
C:   000003F3  A$main$1415                        main
C:   000003F5  A$main$1416                        main
C:   000003F6  A$main$1418                        main
C:   000003F9  A$main$1419                        main
C:   000003FB  A$main$1420                        main
C:   000003FD  A$main$1424                        main
C:   000003FD  C$main.c$162$5_2$85                main
C:   00000400  A$main$1425                        main
C:   00000403  A$main$1426                        main
C:   00000406  A$main$1431                        main
C:   00000406  C$main.c$164$4_2$82                main
C:   00000408  A$main$1433                        main
C:   0000040A  A$main$1435                        main
C:   0000040C  A$main$1437                        main
C:   0000040E  A$main$1441                        main
C:   0000040E  C$main.c$165$4_2$82                main
C:   00000411  A$main$1446                        main
C:   00000411  C$main.c$166$4_2$82                main
C:   00000411  C$main.c$167$4_2$82                main
C:   00000412  A$main$1447                        main
C:   00000414  A$main$1448                        main
C:   00000416  A$main$1449                        main
C:   00000417  A$main$1450                        main
C:   00000418  A$main$1453                        main
C:   00000418  C$main.c$168$4_2$82                main
ASxxxx Linker V03.00 + NoICE + sdld,  page 31.
Hexadecimal  [32-Bits]

Area                                    Addr        Size        Decimal Bytes (Attributes)
--------------------------------        ----        ----        ------- ----- ------------
CSEG                                00000062    0000124E =        4686. bytes (REL,CON,CODE)

      Value  Global                              Global Defined In Module
      -----  --------------------------------   ------------------------
C:   0000041B  A$main$1455                        main
C:   0000041D  A$main$1458                        main
C:   0000041D  C$main.c$169$4_2$82                main
C:   0000041F  A$main$1459                        main
C:   00000421  A$main$1462                        main
C:   00000421  C$main.c$170$4_2$82                main
C:   00000423  A$main$1463                        main
C:   00000425  A$main$1464                        main
C:   00000427  A$main$1465                        main
C:   00000429  A$main$1466                        main
C:   0000042C  A$main$1467                        main
C:   0000042E  A$main$1468                        main
C:   00000430  A$main$1469                        main
C:   00000432  A$main$1470                        main
C:   00000434  A$main$1473                        main
C:   00000434  C$main.c$171$4_2$82                main
C:   00000437  A$main$1478                        main
C:   00000437  C$main.c$173$3_2$81                main
C:   00000439  A$main$1480                        main
C:   0000043B  A$main$1482                        main
C:   0000043D  A$main$1484                        main
C:   0000043F  A$main$1487                        main
C:   0000043F  C$main.c$174$3_2$81                main
C:   00000442  A$main$1490                        main
C:   00000442  C$main.c$175$4_2$86                main
C:   00000444  A$main$1491                        main
C:   00000446  A$main$1492                        main
C:   00000447  A$main$1493                        main
C:   00000449  A$main$1496                        main
C:   00000449  C$main.c$176$4_2$86                main
C:   0000044B  A$main$1497                        main
C:   0000044C  A$main$1498                        main
C:   0000044E  A$main$1499                        main
C:   0000044F  A$main$1500                        main
C:   00000451  A$main$1503                        main
C:   00000451  C$main.c$177$1_2$77                main
C:   00000453  A$main$1504                        main
C:   00000455  A$main$1505                        main
C:   00000458  A$main$1506                        main
C:   0000045A  A$main$1507                        main
C:   0000045C  A$main$1508                        main
C:   0000045F  A$main$1509                        main
C:   00000461  A$main$1510                        main
C:   00000464  A$main$1511                        main
C:   00000466  A$main$1512                        main
C:   00000468  A$main$1513                        main
C:   0000046A  A$main$1514                        main
C:   0000046B  A$main$1515                        main
C:   0000046C  A$main$1516                        main
C:   0000046E  A$main$1517                        main
C:   0000046F  A$main$1522                        main
ASxxxx Linker V03.00 + NoICE + sdld,  page 32.
Hexadecimal  [32-Bits]

Area                                    Addr        Size        Decimal Bytes (Attributes)
--------------------------------        ----        ----        ------- ----- ------------
CSEG                                00000062    0000124E =        4686. bytes (REL,CON,CODE)

      Value  Global                              Global Defined In Module
      -----  --------------------------------   ------------------------
C:   0000046F  C$main.c$180$3_2$81                main
C:   00000471  A$main$1524                        main
C:   00000473  A$main$1526                        main
C:   00000475  A$main$1528                        main
C:   00000477  A$main$1531                        main
C:   00000477  C$main.c$181$3_2$81                main
C:   0000047A  A$main$1534                        main
C:   0000047A  C$main.c$182$4_2$87                main
C:   0000047C  A$main$1535                        main
C:   0000047E  A$main$1536                        main
C:   0000047F  A$main$1537                        main
C:   00000481  A$main$1540                        main
C:   00000481  C$main.c$183$4_2$87                main
C:   00000483  A$main$1541                        main
C:   00000484  A$main$1542                        main
C:   00000486  A$main$1543                        main
C:   00000487  A$main$1544                        main
C:   00000489  A$main$1547                        main
C:   00000489  C$main.c$184$1_2$77                main
C:   0000048B  A$main$1548                        main
C:   0000048D  A$main$1549                        main
C:   00000490  A$main$1550                        main
C:   00000492  A$main$1551                        main
C:   00000494  A$main$1552                        main
C:   00000497  A$main$1553                        main
C:   00000499  A$main$1554                        main
C:   0000049C  A$main$1555                        main
C:   0000049E  A$main$1556                        main
C:   000004A0  A$main$1557                        main
C:   000004A2  A$main$1558                        main
C:   000004A3  A$main$1559                        main
C:   000004A4  A$main$1560                        main
C:   000004A6  A$main$1561                        main
C:   000004A7  A$main$1566                        main
C:   000004A7  C$main.c$187$3_2$81                main
C:   000004A9  A$main$1568                        main
C:   000004AB  A$main$1570                        main
C:   000004AD  A$main$1572                        main
C:   000004AF  A$main$1575                        main
C:   000004AF  C$main.c$188$3_2$81                main
C:   000004B2  A$main$1578                        main
C:   000004B2  C$main.c$189$4_2$88                main
C:   000004B4  A$main$1579                        main
C:   000004B6  A$main$1580                        main
C:   000004B7  A$main$1581                        main
C:   000004B9  A$main$1584                        main
C:   000004B9  C$main.c$190$4_2$88                main
C:   000004BB  A$main$1585                        main
C:   000004BC  A$main$1586                        main
C:   000004BE  A$main$1587                        main
C:   000004BF  A$main$1588                        main
ASxxxx Linker V03.00 + NoICE + sdld,  page 33.
Hexadecimal  [32-Bits]

Area                                    Addr        Size        Decimal Bytes (Attributes)
--------------------------------        ----        ----        ------- ----- ------------
CSEG                                00000062    0000124E =        4686. bytes (REL,CON,CODE)

      Value  Global                              Global Defined In Module
      -----  --------------------------------   ------------------------
C:   000004C1  A$main$1591                        main
C:   000004C1  C$main.c$191$1_2$77                main
C:   000004C3  A$main$1592                        main
C:   000004C5  A$main$1593                        main
C:   000004C8  A$main$1594                        main
C:   000004CA  A$main$1595                        main
C:   000004CC  A$main$1596                        main
C:   000004CF  A$main$1597                        main
C:   000004D1  A$main$1598                        main
C:   000004D4  A$main$1599                        main
C:   000004D6  A$main$1600                        main
C:   000004D8  A$main$1601                        main
C:   000004DA  A$main$1602                        main
C:   000004DB  A$main$1603                        main
C:   000004DC  A$main$1604                        main
C:   000004DE  A$main$1605                        main
C:   000004DF  A$main$1609                        main
C:   000004DF  C$main.c$193$3_2$81                main
C:   000004E2  A$main$1610                        main
C:   000004E5  A$main$1611                        main
C:   000004E7  A$main$1612                        main
C:   000004E9  A$main$1613                        main
C:   000004EB  A$main$1614                        main
C:   000004ED  A$main$1615                        main
C:   000004F0  A$main$1618                        main
C:   000004F0  C$main.c$194$3_2$81                main
C:   000004F3  A$main$1619                        main
C:   000004F6  A$main$1620                        main
C:   000004F8  A$main$1621                        main
C:   000004FA  A$main$1622                        main
C:   000004FC  A$main$1623                        main
C:   000004FE  A$main$1624                        main
C:   00000501  A$main$1628                        main
C:   00000501  C$main.c$196$3_2$89                main
C:   00000504  A$main$1629                        main
C:   00000507  A$main$1633                        main
C:   00000507  C$main.c$197$4_2$90                main
C:   0000050A  A$main$1634                        main
C:   0000050D  A$main$1635                        main
C:   0000050F  A$main$1636                        main
C:   00000511  A$main$1637                        main
C:   00000513  A$main$1638                        main
C:   00000515  A$main$1639                        main
C:   00000518  A$main$1640                        main
C:   0000051B  A$main$1641                        main
C:   0000051E  A$main$1642                        main
C:   00000520  A$main$1643                        main
C:   00000522  A$main$1644                        main
C:   00000524  A$main$1645                        main
C:   00000526  A$main$1649                        main
C:   00000526  C$main.c$198$4_2$90                main
ASxxxx Linker V03.00 + NoICE + sdld,  page 34.
Hexadecimal  [32-Bits]

Area                                    Addr        Size        Decimal Bytes (Attributes)
--------------------------------        ----        ----        ------- ----- ------------
CSEG                                00000062    0000124E =        4686. bytes (REL,CON,CODE)

      Value  Global                              Global Defined In Module
      -----  --------------------------------   ------------------------
C:   00000528  A$main$1651                        main
C:   0000052A  A$main$1653                        main
C:   0000052C  A$main$1655                        main
C:   0000052E  A$main$1658                        main
C:   0000052E  C$main.c$199$4_2$90                main
C:   00000531  A$main$1661                        main
C:   00000531  C$main.c$200$5_2$91                main
C:   00000534  A$main$1666                        main
C:   00000534  C$main.c$201$5_2$91                main
C:   00000534  C$main.c$202$5_2$91                main
C:   00000535  A$main$1667                        main
C:   00000537  A$main$1668                        main
C:   00000539  A$main$1669                        main
C:   0000053A  A$main$1670                        main
C:   0000053B  A$main$1673                        main
C:   0000053B  C$main.c$203$5_2$91                main
C:   0000053D  A$main$1674                        main
C:   0000053F  A$main$1677                        main
C:   0000053F  C$main.c$204$5_2$91                main
C:   00000541  A$main$1678                        main
C:   00000543  A$main$1682                        main
C:   00000543  C$main.c$205$5_2$91                main
C:   00000545  A$main$1687                        main
C:   00000545  C$main.c$208$4_2$90                main
C:   00000547  A$main$1689                        main
C:   00000549  A$main$1691                        main
C:   0000054B  A$main$1693                        main
C:   0000054D  A$main$1696                        main
C:   0000054D  C$main.c$209$4_2$90                main
C:   00000550  A$main$1699                        main
C:   00000550  C$main.c$210$5_2$92                main
C:   00000552  A$main$1700                        main
C:   00000554  A$main$1701                        main
C:   00000555  A$main$1702                        main
C:   00000557  A$main$1705                        main
C:   00000557  C$main.c$211$5_2$92                main
C:   00000559  A$main$1706                        main
C:   0000055A  A$main$1707                        main
C:   0000055C  A$main$1708                        main
C:   0000055D  A$main$1709                        main
C:   0000055F  A$main$1712                        main
C:   0000055F  C$main.c$212$1_2$77                main
C:   00000561  A$main$1713                        main
C:   00000563  A$main$1714                        main
C:   00000566  A$main$1715                        main
C:   00000568  A$main$1716                        main
C:   0000056A  A$main$1717                        main
C:   0000056D  A$main$1718                        main
C:   0000056F  A$main$1719                        main
[...]
C:   00000856  A$main$2279                        main
C:   00000859  A$main$2280                        main
C:   0000085C  A$main$2284                        main
C:   0000085C  C$main.c$302$9_2$108               main
C:   0000085E  A$main$2286                        main
C:   00000860  A$main$2288                        main
C:   00000862  A$main$2290                        main
C:   00000864  A$main$2294                        main
C:   00000864  C$main.c$303$9_2$108               main
C:   00000867  A$main$2299                        main
C:   00000867  C$main.c$304$9_2$108               main
C:   00000867  C$main.c$305$9_2$108               main
C:   00000868  A$main$2300                        main
C:   0000086A  A$main$2301                        main
C:   0000086C  A$main$2302                        main
C:   0000086D  A$main$2303                        main
C:   0000086E  A$main$2306                        main
C:   0000086E  C$main.c$308$9_2$108               main
C:   00000870  A$main$2307                        main
C:   00000872  A$main$2308                        main
C:   00000875  A$main$2309                        main
C:   00000877  A$main$2310                        main
C:   00000879  A$main$2313                        main
C:   00000879  C$main.c$309$9_2$108               main
C:   0000087C  A$main$2318                        main
C:   0000087C  C$main.c$311$8_2$107               main
C:   0000087C  C$main.c$312$8_2$107               main
C:   0000087E  A$main$2322                        main
C:   0000087E  C$main.c$313$1_2$77                main
ASxxxx Linker V03.00 + NoICE + sdld,  page 44.
Hexadecimal  [32-Bits]

Area                                    Addr        Size        Decimal Bytes (Attributes)
--------------------------------        ----        ----        ------- ----- ------------
CSEG                                00000062    0000124E =        4686. bytes (REL,CON,CODE)

      Value  Global                              Global Defined In Module
      -----  --------------------------------   ------------------------
C:   00000880  A$main$2323                        main
C:   00000882  A$main$2324                        main
C:   00000884  A$main$2325                        main
C:   00000886  A$main$2326                        main
C:   00000888  A$main$2327                        main
C:   0000088A  A$main$2328                        main
C:   0000088D  A$main$2329                        main
C:   0000088F  A$main$2330                        main
C:   00000891  A$main$2331                        main
C:   00000893  A$main$2332                        main
C:   00000895  A$main$2333                        main
C:   00000896  A$main$2334                        main
C:   00000898  A$main$2335                        main
C:   0000089A  A$main$2336                        main
C:   0000089B  A$main$2337                        main
C:   0000089D  A$main$2338                        main
C:   0000089F  A$main$2344                        main
C:   0000089F  C$main.c$314$7_2$106               main
C:   0000089F  C$main.c$315$7_2$106               main
C:   000008A1  A$main$2345                        main
C:   000008A3  A$main$2348                        main
C:   000008A3  C$main.c$316$7_2$106               main
C:   000008A6  A$main$2349                        main
C:   000008A9  A$main$2354                        main
C:   000008A9  C$main.c$319$6_2$102               main
C:   000008AB  A$main$2356                        main
C:   000008AD  A$main$2358                        main
C:   000008AF  A$main$2360                        main
C:   000008B1  A$main$2363                        main
C:   000008B1  C$main.c$320$6_2$102               main
C:   000008B4  A$main$2364                        main
C:   000008B7  A$main$2368                        main
C:   000008B7  C$main.c$321$7_2$109               main
C:   000008B9  A$main$2369                        main
C:   000008BB  A$main$2370                        main
C:   000008BC  A$main$2371                        main
C:   000008BE  A$main$2374                        main
C:   000008BE  C$main.c$322$7_2$109               main
C:   000008C0  A$main$2375                        main
C:   000008C1  A$main$2376                        main
C:   000008C2  A$main$2377                        main
C:   000008C4  A$main$2378                        main
C:   000008C5  A$main$2379                        main
C:   000008C7  A$main$2382                        main
C:   000008C7  C$main.c$323$7_2$109               main
C:   000008C9  A$main$2383                        main
C:   000008CC  A$main$2384                        main
C:   000008CD  A$main$2385                        main
C:   000008D0  A$main$2386                        main
C:   000008D2  A$main$2388                        main
C:   000008D4  A$main$2392                        main
ASxxxx Linker V03.00 + NoICE + sdld,  page 45.
Hexadecimal  [32-Bits]

Area                                    Addr        Size        Decimal Bytes (Attributes)
--------------------------------        ----        ----        ------- ----- ------------
CSEG                                00000062    0000124E =        4686. bytes (REL,CON,CODE)

      Value  Global                              Global Defined In Module
      -----  --------------------------------   ------------------------
C:   000008D4  C$main.c$325$1_2$77                main
C:   000008D6  A$main$2393                        main
C:   000008D8  A$main$2394                        main
C:   000008DA  A$main$2395                        main
C:   000008DC  A$main$2396                        main
C:   000008DE  A$main$2397                        main
C:   000008E0  A$main$2398                        main
C:   000008E3  A$main$2399                        main
C:   000008E5  A$main$2400                        main
C:   000008E7  A$main$2401                        main
C:   000008E9  A$main$2402                        main
C:   000008EB  A$main$2405                        main
C:   000008EB  C$main.c$326$8_2$110               main
C:   000008EC  A$main$2406                        main
C:   000008ED  A$main$2407                        main
C:   000008EF  A$main$2410                        main
C:   000008EF  C$main.c$327$9_2$111               main
C:   000008F2  A$main$2411                        main
C:   000008F5  A$main$2414                        main
C:   000008F5  C$main.c$328$9_2$111               main
C:   000008F8  A$main$2415                        main
C:   000008FB  A$main$2416                        main
C:   000008FE  A$main$2420                        main
C:   000008FE  C$main.c$329$9_2$111               main
C:   00000900  A$main$2422                        main
C:   00000902  A$main$2424                        main
C:   00000904  A$main$2426                        main
C:   00000906  A$main$2430                        main
C:   00000906  C$main.c$330$9_2$111               main
C:   00000909  A$main$2435                        main
C:   00000909  C$main.c$331$9_2$111               main
C:   00000909  C$main.c$332$9_2$111               main
C:   0000090A  A$main$2436                        main
C:   0000090C  A$main$2437                        main
C:   0000090E  A$main$2438                        main
C:   0000090F  A$main$2439                        main
C:   00000910  A$main$2442                        main
C:   00000910  C$main.c$334$9_2$111               main
C:   00000912  A$main$2443                        main
C:   00000914  A$main$2446                        main
C:   00000914  C$main.c$335$9_2$111               main
C:   00000916  A$main$2447                        main
C:   00000918  A$main$2448                        main
C:   0000091A  A$main$2449                        main
C:   0000091C  A$main$2450                        main
C:   0000091F  A$main$2451                        main
C:   00000921  A$main$2452                        main
C:   00000923  A$main$2453                        main
C:   00000925  A$main$2454                        main
C:   00000927  A$main$2457                        main
C:   00000927  C$main.c$336$9_2$111               main
ASxxxx Linker V03.00 + NoICE + sdld,  page 46.
Hexadecimal  [32-Bits]

Area                                    Addr        Size        Decimal Bytes (Attributes)
--------------------------------        ----        ----        ------- ----- ------------
CSEG                                00000062    0000124E =        4686. bytes (REL,CON,CODE)

      Value  Global                              Global Defined In Module
      -----  --------------------------------   ------------------------
C:   0000092A  A$main$2462                        main
C:   0000092A  C$main.c$338$8_2$110               main
C:   0000092A  C$main.c$339$8_2$110               main
C:   0000092C  A$main$2466                        main
C:   0000092C  C$main.c$340$1_2$77                main
C:   0000092E  A$main$2467                        main
C:   00000930  A$main$2468                        main
C:   00000932  A$main$2469                        main
C:   00000934  A$main$2470                        main
C:   00000936  A$main$2471                        main
C:   00000938  A$main$2472                        main
C:   0000093B  A$main$2473                        main
C:   0000093D  A$main$2474                        main
C:   0000093F  A$main$2475                        main
C:   00000941  A$main$2476                        main
C:   00000943  A$main$2482                        main
C:   00000943  C$main.c$341$7_2$109               main
C:   00000943  C$main.c$342$7_2$109               main
C:   00000946  A$main$2483                        main
C:   00000949  A$main$2488                        main
C:   00000949  C$main.c$345$6_2$102               main
C:   0000094B  A$main$2490                        main
C:   0000094D  A$main$2492                        main
C:   0000094F  A$main$2494                        main
C:   00000951  A$main$2497                        main
C:   00000951  C$main.c$346$6_2$102               main
C:   00000954  A$main$2498                        main
C:   00000957  A$main$2502                        main
C:   00000957  C$main.c$347$7_2$112               main
C:   00000959  A$main$2503                        main
C:   0000095B  A$main$2504                        main
C:   0000095C  A$main$2505                        main
C:   0000095E  A$main$2508                        main
C:   0000095E  C$main.c$348$7_2$112               main
C:   00000960  A$main$2509                        main
C:   00000961  A$main$2510                        main
C:   00000962  A$main$2511                        main
C:   00000964  A$main$2512                        main
C:   00000965  A$main$2513                        main
C:   00000967  A$main$2516                        main
C:   00000967  C$main.c$349$7_2$112               main
C:   00000969  A$main$2517                        main
C:   0000096C  A$main$2518                        main
C:   0000096D  A$main$2519                        main
C:   00000970  A$main$2520                        main
C:   00000972  A$main$2522                        main
C:   00000974  A$main$2526                        main
C:   00000974  C$main.c$351$1_2$77                main
C:   00000976  A$main$2527                        main
C:   00000978  A$main$2528                        main
C:   0000097A  A$main$2529                        main
ASxxxx Linker V03.00 + NoICE + sdld,  page 47.
Hexadecimal  [32-Bits]

Area                                    Addr        Size        Decimal Bytes (Attributes)
--------------------------------        ----        ----        ------- ----- ------------
CSEG                                00000062    0000124E =        4686. bytes (REL,CON,CODE)

      Value  Global                              Global Defined In Module
      -----  --------------------------------   ------------------------
C:   0000097C  A$main$2530                        main
C:   0000097E  A$main$2531                        main
C:   00000980  A$main$2532                        main
C:   00000983  A$main$2533                        main
C:   00000985  A$main$2534                        main
C:   00000987  A$main$2535                        main
C:   00000989  A$main$2536                        main
C:   0000098B  A$main$2539                        main
C:   0000098B  C$main.c$352$8_2$113               main
C:   0000098C  A$main$2540                        main
C:   0000098D  A$main$2541                        main
C:   0000098F  A$main$2544                        main
C:   0000098F  C$main.c$353$9_2$114               main
C:   00000992  A$main$2545                        main
C:   00000995  A$main$2548                        main
C:   00000995  C$main.c$354$9_2$114               main
C:   00000998  A$main$2549                        main
C:   0000099B  A$main$2550                        main
C:   0000099E  A$main$2554                        main
C:   0000099E  C$main.c$355$9_2$114               main
C:   000009A0  A$main$2556                        main
C:   000009A2  A$main$2558                        main
C:   000009A4  A$main$2560                        main
C:   000009A6  A$main$2564                        main
C:   000009A6  C$main.c$356$9_2$114               main
C:   000009A9  A$main$2567                        main
C:   000009A9  C$main.c$357$9_2$114               main
C:   000009AA  A$main$2568                        main
C:   000009AC  A$main$2569                        main
C:   000009AE  A$main$2572                        main
C:   000009AE  C$main.c$360$9_2$114               main
C:   000009B0  A$main$2573                        main
C:   000009B2  A$main$2576                        main
C:   000009B2  C$main.c$361$9_2$114               main
C:   000009B4  A$main$2577                        main
C:   000009B6  A$main$2578                        main
C:   000009B9  A$main$2579                        main
C:   000009BB  A$main$2580                        main
C:   000009BD  A$main$2583                        main
C:   000009BD  C$main.c$362$9_2$114               main
C:   000009C0  A$main$2588                        main
C:   000009C0  C$main.c$364$8_2$113               main
C:   000009C0  C$main.c$365$8_2$113               main
C:   000009C2  A$main$2592                        main
C:   000009C2  C$main.c$366$1_2$77                main
C:   000009C4  A$main$2593                        main
C:   000009C6  A$main$2594                        main
C:   000009C8  A$main$2595                        main
C:   000009CA  A$main$2596                        main
C:   000009CD  A$main$2597                        main
C:   000009CF  A$main$2598                        main
ASxxxx Linker V03.00 + NoICE + sdld,  page 48.
Hexadecimal  [32-Bits]

Area                                    Addr        Size        Decimal Bytes (Attributes)
--------------------------------        ----        ----        ------- ----- ------------
CSEG                                00000062    0000124E =        4686. bytes (REL,CON,CODE)

      Value  Global                              Global Defined In Module
      -----  --------------------------------   ------------------------
C:   000009D1  A$main$2604                        main
C:   000009D1  C$main.c$367$7_2$112               main
C:   000009D1  C$main.c$368$7_2$112               main
C:   000009D4  A$main$2605                        main
C:   000009D7  A$main$2609                        main
C:   000009D7  C$main.c$370$6_2$102               main
C:   000009D9  A$main$2610                        main
C:   000009DB  A$main$2613                        main
C:   000009DB  C$main.c$371$6_2$102               main
C:   000009DE  A$main$2614                        main
C:   000009E1  A$main$2615                        main
C:   000009E3  A$main$2616                        main
C:   000009E5  A$main$2617                        main
C:   000009E7  A$main$2618                        main
C:   000009E9  A$main$2619                        main
C:   000009EC  A$main$2622                        main
C:   000009EC  C$main.c$372$6_2$102               main
C:   000009EF  A$main$2623                        main
C:   000009F2  A$main$2624                        main
C:   000009F4  A$main$2625                        main
C:   000009F6  A$main$2626                        main
C:   000009F8  A$main$2627                        main
C:   000009FA  A$main$2628                        main
C:   000009FD  A$main$2633                        main
C:   000009FD  C$main.c$378$1_2$77                main
C:   000009FD  XG$main$0$0                        main
C:   000009FE  Fmain$__str_2$0_0$0                main
C:   000009FE  __gptrput                          _gptrput
C:   00000A19  __mulint                           _mulint
C:   00000A19  __mulint_dummy                     _mulint
C:   00000A36  __divuint                          _divuint
C:   00000ACF  _vsprintf                          sprintf
C:   00000B0C  _sprintf                           sprintf
C:   00000BF2  __print_format                     printf_large
C:   00001240  _strlen                            _strlen
C:   00001258  __gptrget                          _gptrget
C:   00001274  __divsint                          _divsint
C:   000012AC  __sdcc_external_startup            _startup

ASxxxx Linker V03.00 + NoICE + sdld,  page 49.
Hexadecimal  [32-Bits]

Area                                    Addr        Size        Decimal Bytes (Attributes)
--------------------------------        ----        ----        ------- ----- ------------
CONST                               000012B0    00000016 =          22. bytes (REL,CON,CODE)

      Value  Global                              Global Defined In Module
      -----  --------------------------------   ------------------------
C:   000012B0  Fmain$__str_1$0_0$0                main

ASxxxx Linker V03.00 + NoICE + sdld,  page 50.

Files Linked                              [ module(s) ]

obj\Debug\main.rel                        [  ]


Libraries Linked                          [ object file ]

C:\Program Files\SDCC\bin\..\lib\small/mcs51.lib
                                          [ crtclear.rel ]
C:\Program Files\SDCC\bin\..\lib\small/mcs51.lib
                                          [ crtxinit.rel ]
C:\Program Files\SDCC\bin\..\lib\small/libsdcc.lib
                                          [ _gptrput.rel ]
C:\Program Files\SDCC\bin\..\lib\small/libint.lib
                                          [ _mulint.rel ]
C:\Program Files\SDCC\bin\..\lib\small/mcs51.lib
                                          [ crtxclear.rel ]
C:\Program Files\SDCC\bin\..\lib\small/libint.lib
                                          [ _divuint.rel ]
C:\Program Files\SDCC\bin\..\lib\small/libsdcc.lib
                                          [ sprintf.rel ]
C:\Program Files\SDCC\bin\..\lib\small/libsdcc.lib
                                          [ _bp.rel ]
C:\Program Files\SDCC\bin\..\lib\small/libsdcc.lib
                                          [ printf_large.rel ]
C:\Program Files\SDCC\bin\..\lib\small/mcs51.lib
                                          [ crtpagesfr.rel ]
C:\Program Files\SDCC\bin\..\lib\small/libsdcc.lib
                                          [ _strlen.rel ]
C:\Program Files\SDCC\bin\..\lib\small/mcs51.lib
                                          [ crtstart.rel ]
C:\Program Files\SDCC\bin\..\lib\small/libsdcc.lib
                                          [ _gptrget.rel ]
C:\Program Files\SDCC\bin\..\lib\small/libint.lib
                                          [ _divsint.rel ]
C:\Program Files\SDCC\bin\..\lib\small/libsdcc.lib
                                          [ _startup.rel ]

ASxxxx Linker V03.00 + NoICE + sdld,  page 51.

User Base Address Definitions

HOME = 0x0000
XSEG = 0x0001
PSEG = 0x0001
ISEG = 0x0000
BSEG = 0x0000

